// Jest Snapshot v1, https://goo.gl/fbAQLP

exports[`Counter Component Must match with snapshot 1`] = `
<h2>Counter!!</h2>
<p>100 <sup>6</sup> = 10000</p>
<div><button>+1</button><button>-1</button></div>
`;
